[dotenv@17.2.2] injecting env (1) from .env -- tip: ⚙️  load multiple .env files with { path: ['.env.local', '.env'] }
/var/www/spiralcoin/spiralcoin-frontend/node_modules/path-to-regexp/dist/index.js:96
            throw new PathError(`Missing parameter name at index ${index}`, str);
                  ^

PathError [TypeError]: Missing parameter name at index 1: *; visit https://git.new/pathToRegexpError for info
    at name (/var/www/spiralcoin/spiralcoin-frontend/node_modules/path-to-regexp/dist/index.js:96:19)
    at parse (/var/www/spiralcoin/spiralcoin-frontend/node_modules/path-to-regexp/dist/index.js:113:68)
    at pathToRegexp (/var/www/spiralcoin/spiralcoin-frontend/node_modules/path-to-regexp/dist/index.js:267:58)
    at Object.match (/var/www/spiralcoin/spiralcoin-frontend/node_modules/path-to-regexp/dist/index.js:237:30)
    at matcher (/var/www/spiralcoin/spiralcoin-frontend/node_modules/router/lib/layer.js:86:23)
    at new Layer (/var/www/spiralcoin/spiralcoin-frontend/node_modules/router/lib/layer.js:93:62)
    at Function.route (/var/www/spiralcoin/spiralcoin-frontend/node_modules/router/index.js:428:17)
    at Function.route (/var/www/spiralcoin/spiralcoin-frontend/node_modules/express/lib/application.js:257:22)
    at app.<computed> [as get] (/var/www/spiralcoin/spiralcoin-frontend/node_modules/express/lib/application.js:478:22)
    at file:///var/www/spiralcoin/spiralcoin-frontend/server.js:25:5 {
  originalPath: '*'
}

Node.js v20.19.4
[dotenv@17.2.2] injecting env (1) from .env -- tip: ⚙️  override existing env vars with { override: true }
/var/www/spiralcoin/spiralcoin-frontend/node_modules/path-to-regexp/dist/index.js:96
            throw new PathError(`Missing parameter name at index ${index}`, str);
                  ^

PathError [TypeError]: Missing parameter name at index 1: *; visit https://git.new/pathToRegexpError for info
    at name (/var/www/spiralcoin/spiralcoin-frontend/node_modules/path-to-regexp/dist/index.js:96:19)
    at parse (/var/www/spiralcoin/spiralcoin-frontend/node_modules/path-to-regexp/dist/index.js:113:68)
    at pathToRegexp (/var/www/spiralcoin/spiralcoin-frontend/node_modules/path-to-regexp/dist/index.js:267:58)
    at Object.match (/var/www/spiralcoin/spiralcoin-frontend/node_modules/path-to-regexp/dist/index.js:237:30)
    at matcher (/var/www/spiralcoin/spiralcoin-frontend/node_modules/router/lib/layer.js:86:23)
    at new Layer (/var/www/spiralcoin/spiralcoin-frontend/node_modules/router/lib/layer.js:93:62)
    at Function.route (/var/www/spiralcoin/spiralcoin-frontend/node_modules/router/index.js:428:17)
    at Function.route (/var/www/spiralcoin/spiralcoin-frontend/node_modules/express/lib/application.js:257:22)
    at app.<computed> [as get] (/var/www/spiralcoin/spiralcoin-frontend/node_modules/express/lib/application.js:478:22)
    at file:///var/www/spiralcoin/spiralcoin-frontend/server.js:25:5 {
  originalPath: '*'
}

Node.js v20.19.4

> spiralcoin-frontend@1.0.0 start
> node server.js

(node:798058) [MODULE_TYPELESS_PACKAGE_JSON] Warning: Module type of file:///var/www/spiralcoin/spiralcoin-frontend/server.js is not specified and it doesn't parse as CommonJS.
Reparsing as ES module because module syntax was detected. This incurs a performance overhead.
To eliminate this warning, add "type": "module" to /var/www/spiralcoin/spiralcoin-frontend/package.json.
(Use `node --trace-warnings ...` to show where the warning was created)
[dotenv@17.2.3] injecting env (7) from .env -- tip: ⚙️  write to custom object with { processEnv: myObject }
node:events:502
      throw er; // Unhandled 'error' event
      ^

Error: listen EADDRINUSE: address already in use :::3000
    at Server.setupListenHandle [as _listen2] (node:net:1908:16)
    at listenInCluster (node:net:1965:12)
    at Server.listen (node:net:2067:7)
    at Function.listen (/var/www/spiralcoin/spiralcoin-frontend/node_modules/express/lib/application.js:635:24)
    at file:///var/www/spiralcoin/spiralcoin-frontend/server.js:78:5
    at ModuleJob.run (node:internal/modules/esm/module_job:325:25)
    at async ModuleLoader.import (node:internal/modules/esm/loader:606:24)
    at async asyncRunEntryPointWithESMLoader (node:internal/modules/run_main:117:5)
Emitted 'error' event on Server instance at:
    at emitErrorNT (node:net:1944:8)
    at process.processTicksAndRejections (node:internal/process/task_queues:82:21) {
  code: 'EADDRINUSE',
  errno: -98,
  syscall: 'listen',
  address: '::',
  port: 3000
}

Node.js v20.19.6
